

<html lang="en">
<head>
    <title>RGB</title>
    <meta name="viewport" content="width=device-width, initial-scale=1">
    <link rel="icon" type="image/x-png" href="/favicon.png">

    
    <link rel="stylesheet" href="https://cdn.jsdelivr.net/npm/bootstrap@3.3.7/dist/css/bootstrap.min.css" integrity="sha384-BVYiiSIFeK1dGmJRAkycuHAHRg32OmUcww7on3RYdg4Va+PmSTsz/K68vbdEjh4u" crossorigin="anonymous">
    
    <link rel="stylesheet" href="https://cdn.jsdelivr.net/npm/bootstrap@3.3.7/dist/css/bootstrap-theme.min.css" integrity="sha384-rHyoN1iRsVXV4nD0JutlnGaslCJuC7uwjduW9SVrLvRYooPp2bWYgmgJQIXwl/Sp" crossorigin="anonymous">
    
    <script src="https://code.jquery.com/jquery-3.6.3.slim.min.js" integrity="sha256-ZwqZIVdD3iXNyGHbSYdsmWP//UBokj2FHAxKuSBKDSo=" crossorigin="anonymous"></script>
    <script src="https://cdn.jsdelivr.net/npm/bootstrap@3.3.7/dist/js/bootstrap.min.js" integrity="sha384-Tc5IQib027qvyjSMfHjOMaLkfuWVxZxUPnCJA7l2mCWNIpG9mGCD8wGNIcPD7Txa" crossorigin="anonymous"></script>
    <script src="https://cdn.jsdelivr.net/npm/bootstrap@3.3.7/js/collapse.min.js" crossorigin="anonymous"></script>
    <script src="https://cdn.jsdelivr.net/npm/bootstrap@3.3.7/js/transition.min.js" crossorigin="anonymous"></script>
    <script src="https://cdn.jsdelivr.net/npm/bootstrap@3.3.7/js/jquery.min.js" crossorigin="anonymous"></script>

    <link rel="preconnect" href="https://fonts.googleapis.com">
    <link rel="preconnect" href="https://fonts.gstatic.com" crossorigin>
    <link rel="preconnect" href="https://fonts.googleapis.com">
    <link rel="preconnect" href="https://fonts.gstatic.com" crossorigin>
    <link rel="preconnect" href="https://fonts.googleapis.com">
    <link rel="preconnect" href="https://fonts.gstatic.com" crossorigin>
    <link href="https://fonts.googleapis.com/css2?family=Anonymous+Pro&family=Cormorant+Garamond:wght@300;400&family=Public+Sans:wght@300;500&display=swap" rel="stylesheet">
    <link rel="stylesheet" href="/main.css"/>

    <script src="https://unpkg.com/htmx.org@1.8.5" integrity="sha384-7aHh9lqPYGYZ7sTHvzP1t3BAfLhYSTy9ArHdP3Xsr9/3TlGurYgcPBoFmXX2TX/w" crossorigin="anonymous"></script>
    <script src="https://unpkg.com/htmx.org/dist/ext/disable-element.js"></script>

</head>
<body>

<div id="layout" class="pure-g">
    
    <div class="sidebar pure-u-1 pure-u-md-1-4">
        <div class="header">

            <a hx-get="/" hx-target="#content-root" hx-push-url="true">
                <img title="RGB" class="pure-img-responsive rgb-logo" src="/favicon.png"/>
            </a>

            <div id="menuToggle">
                <input type="checkbox" />
                <span></span>
                <span></span>
                <span></span>
                <ul id="menu">
                    <ul>
                        <li>
                            <a hx-get="/interactions"
                               hx-target="#content-root"
                               hx-push-url="true"
                               class="pure-menu-link">interactions</a>
                        </li>
                        <li>
                            <a href="#" class="pure-menu-link">personas</a>
                        </li>
                        <li>
                            <a hx-get="/interactions/chat"
                               hx-target="#content-root"
                               hx-push-url="true"
                               class="pure-menu-link">&gt; live prompt</a>
                        </li>
                    </ul>
                </ul>
            </div>

            <ul class="nav nav-pills nav-stacked">
                <li role="presentation">
                    <a hx-get="/interactions"
                       hx-target="#content-root"
                       hx-push-url="true"
                       class="pure-menu-link">interactions</a>
                </li>
                <li role="presentation">
                    <a href="#" class="pure-menu-link">personas</a>
                </li>
                <li role="presentation">
                    <a hx-get="/interactions/chat"
                       hx-target="#content-root"
                       hx-push-url="true"
                       class="pure-menu-link">&gt; live prompt</a>
                </li>
            </ul>

        </div>
    </div>


    
        
<nav class="navbar navbar-default navbar-fixed-top">

    <div class="collapse navbar-collapse">
        <ul class="nav navbar-nav navbar-right user-navbar">
            <li class="dropdown">
                <a href="#" class="navbar-right dropdown-toggle" data-toggle="dropdown" role="button" aria-haspopup="true" aria-expanded="false">
                    <img class="img-fluid navbar-avatar" alt="" src=""/>
                </a>

                <ul class="dropdown-menu">
                    <li><a href="#">Profile</a></li>
                    <li><a href="#">Settings</a></li>
                    <li role="separator" class="divider"></li>
                    <li><a href="/auth/logout/">Log out</a></li>
                </ul>
            </li>
        </ul>
    </div>

</nav>

    

    
    <div id="content-root" class="content pure-u-1 pure-u-md-3-4">


    
        
    <div class="jumbotron text-center text-success">
        <h1><span class="fa fa-lock"></span> Social Authentication</h1>
        <p>Login or Register with:</p>
        
            <a hx-get="/auth/github"
               hx-target="#content-root"
               class="btn btn-light">
                <span class="fa fa-github"></span>
                SignIn with GitHub
            </a>
        
            <a hx-get="/auth/google"
               hx-target="#content-root"
               class="btn btn-light">
                <span class="fa fa-google"></span>
                SignIn with Google
            </a>
        
    </div>

    

    </div>
</div>

</body>

