
    
<div class="jumbotron">
    <h1 class="text-success  text-center"><span class="fa fa-user"></span> </h1>
    <div class="row">
        <div class="col-sm-6">
            <div class="container-sm">
                <img class="img-thumbnail" src=""/>
            </div>
            <div>
                ID: 
                Email: 
            </div>
        </div>
    </div>
</div>


