
<div id="chat-content">
    <span id="chat-loader" class="htmx-indicator loader"></span>
    <div id="chat-content-root"></div>
</div>


    <div id="chat-controls" >
        <input
            type="text"
            name="prompt"
            hx-post="/interactions"
            hx-target="#chat-content-root"
            hx-indicator="#chat-loader"
            hx-swap="afterend"
            autofocus="true"
            hx-ext="disable-element"
            hx-disable-element="self"
            placeholder="type something..."
        />
    </div>


