<form id="flow-builder" hx-post="/flows" hx-target="#content-root" hx-push-url="false" hx-ext="json-enc">
  <input type="hidden" name="id" value="123">
  <input type="hidden" name="selectedTab" value="">
  <div class="row">
    <div class="col-12 col-md">
      <div id="flow-builder-tabs" class="col ps-8 pe-8">
        <ul class="nav nav-tabs pb-2">
          <li class="nav-item border-bottom">
            <button hx-put="/flow-builder?tab=prompt" hx-target="#content-root" hx-push-url="?tab=prompt" class="nav-link active" aria-current="page">Prompt</button>
          </li>
          <li class="nav-item border-bottom">
            <button hx-put="/flow-builder?tab=trigger" hx-target="#content-root" hx-push-url="?tab=trigger" class="nav-link">Trigger</button>
          </li>
          <li class="nav-item border-bottom">
            <button hx-put="/flow-builder?tab=preview" hx-target="#content-root" hx-push-url="?tab=preview" class="nav-link">Preview</button>
          </li>
        </ul>
        <div id="tab-content" class="tab-content pt-2">
          <div>
            <div class="row">
              <div class="col-sm-12 col-lg-7">
                <div class="row">
                  <div class="col">
                    <div class="form-floating pb-4">
                      <input id="flow-name" name="name" type="text" class="form-control" placeholder="Welcome Flow" value="Test Flow A">
                      <label for="flow-name">Flow Name</label>
                    </div>
                  </div>
                </div>
                <div class="row">
                  <div class="col mb-3" hx-ext="morph">
                    <label for="promptEditor" class="form-label">Prompt generated by this flow</label>
                    <div id="highlight-container" class="border rounded mb-1">
                      <div id="highlight"></div>
                      <pre id="promptEditor" contenteditable="true" class="form-control p-4" hx-put="/flow-builder/prompt" hx-target="#prompt-args" hx-trigger="input delay:1600ms from:#promptEditor">Tell me a story based on this text: %s</pre>
                    </div>
                    <span class="smaller">indicate prompt arguments with <code>%s</code></span>
                    <input type="hidden" name="prompt" id="promptInput" value="Tell me a story based on this text: %s">
                    <br>
                  </div>
                </div>
                <div class="row">
                  <div class="col">
                    <div class="mb-3" id="prompt-args">
                      <div class="mb-2">
                        <label>Prompt Arguments:</label>
                      </div>
                      <div class="row mb-3">
                        <div class="form-floating col">
                          <select id="promptArgs-0" name="promptArgs" class="form-select form-select-md" aria-label="Argument 0" hx-put="/flow-builder/prompt" hx-target="#prompt-args">
                            <option value="">Choose...</option>
                            <option value="input message" selected="true">The Input Message</option>
                            <option value="input tag">An Input Parameter</option>
                            <option value="interaction result from another flow">Output from another Flow</option>
                            <option value="moderation result">A Moderation result (of the input message)</option>
                          </select>
                          <label for="promptArgs-0">Argument 0</label>
                        </div>
                      </div>
                    </div>
                  </div>
                </div>
              </div>
              <div class="col-sm-12 col-lg-5">
                <div class="container">
                  <div class="row add-btn">
                    <div class="col text-end">
                      <button class="btn btn-info" hx-post="/flow-builder/inputs">Add</button>
                    </div>
                  </div>
                  <div class="row p-1 pb-4">
                    <div class="col">
                      <h4 class="larger">Input Parameters</h4>
                      <p>Input parameters are used to pass data into the flow. They are available to all steps in the flow.</p>
                    </div>
                  </div>
                  <div class="row pt-4">
                    <div class="col">
                      <div class="form-floating pb-4">
                        <select id="flow-model" name="model" class="form-control">
                          <option value="0">Select a model</option>
                          <option value="gpt-3.5-turbo" selected="selected">GPT 3.5-turbo</option>
                          <option value="gpt-4">GPT 4</option>
                        </select>
                        <label for="flow-model">Model</label>
                      </div>
                    </div>
                  </div>
                  <div class="row">
                    <div class="col">
                      <div class="form-floating pb-4">
                        <input id="flow-temperature" name="temperature" type="text" class="form-control" placeholder="1.0" value="0.5">
                        <label for="flow-temperature">Temperature</label>
                      </div>
                    </div>
                  </div>
                </div>
              </div>
            </div>
          </div>
          <div class="d-none">
            <div class="p-4 ps-2">
              <div class="row">
                <div class="col text-left">
                  <label for="require-all" class="pt-1 pe-2 larger">Execute this flow when</label>
                  <select name="requireAll" id="require-all" class="rounded p-1" placeholder="Choose...">
                    <option value="true">All rules match</option>
                    <option value="false" selected="selected">Any rule matches</option>
                  </select>
                  <button id="add-rule" hx-post="/flow-builder/rules" hx-target="#content-root" hx-push-url="false" class="btn btn-info btn-sm ms-3">Add Rule</button>
                </div>
              </div>
            </div>
            <div id="rules-container" class="container-lg ps-2">
              <div class="row flow-rule fade-in">
                <div class="col">
                  <div class="form-floating mb-3">
                    <select id="fieldName-0" name="fieldName" class="form-select form-select-md" aria-label="Source" hx-put="/flow-builder">
                      <option value="">Choose...</option>
                      <option value="input message" selected="true">The Input Message</option>
                      <option value="input tag">An Input Parameter</option>
                      <option value="interaction result from another flow">Output from another Flow</option>
                      <option value="moderation result">A Moderation result (of the input message)</option>
                    </select>
                    <label for="fieldName-0">Source</label>
                  </div>
                </div>
                <div class="col">
                  <div class="form-floating mb-3">
                    <select id="condition-0" name="condition" class="form-select form-select-md" aria-label="Condition" hx-put="/flow-builder">
                      <option value="">Choose...</option>
                      <option value="contains">contains</option>
                      <option value="does not contain">does not contain</option>
                      <option value="does not equal">does not equal</option>
                      <option value="ends with">ends with</option>
                      <option value="equals" selected="true">equals</option>
                      <option value="starts with">starts with</option>
                    </select>
                    <label for="condition-0">Condition</label>
                  </div>
                </div>
                <div class="col">
                  <div class="form-floating mb-3">
                    <input type="text" name="value" id="value-0" class="form-control form-control-md" placeholder="Value" value="test">
                    <label for="value-0">Value</label>
                  </div>
                </div>
                <div class="col-1 pt-3">
                  <a hx-delete="/flow-builder/rules/0" hx-target="#content-root" class="button-secondary">
                    <i class="fa fa-close"></i>
                  </a>
                </div>
              </div>
            </div>
          </div>
          <div class="d-none">
            <h2>Test Flow A</h2>
            <div class="row">
              <b>Triggered by:</b>
              <ul>
                <li>input message </li>
                <li>equals</li>
                <li>test</li>
              </ul>
            </div>
          </div>
        </div>
      </div>
    </div>
  </div>
  <hr class="text-info mb-4 mt-4">
  <div class="d-flex justify-content-center">
    <div class="pe-4">
      <button class="btn btn-secondary" hx-get="/flows" hx-target="#content-root" hx-push-url="true" hx-confirm="Abandon changes?">Cancel</button>
    </div>
    <div>
      <input class="btn btn-primary" type="submit" value="Save">
    </div>
  </div>
</form>
<div id="flow-builder-scripts" hx-script="true">
  <script>
    (() => {
    let editor = getPromptEditor();

    editor.innerHTML = parse(editor.innerText);
    editor.removeEventListener("input", handleEditorInput);
    editor.addEventListener("input", handleEditorInput);

    editor.removeEventListener("paste", plainTextPaste);
    editor.addEventListener("paste", plainTextPaste);
    })()
  </script>
</div>
