<html lang="en" data-bs-theme="dark">
  <head>
    <title>PRMRY - AI Hub</title>
    <meta http-equiv="Content-Type" content="text/html; charset=utf-8">
    <meta name="viewport" content="width=device-width, initial-scale=1">
    <link rel="icon" type="image/x-png" href="/static/favicon.png">
    <link href="https://cdn.jsdelivr.net/npm/bootstrap@5.3.0-alpha3/dist/css/bootstrap.min.css" rel="stylesheet" integrity="sha384-KK94CHFLLe+nY2dmCWGMq91rCGa5gtU4mk92HdvYe+M/SXH301p5ILy+dN9+nJOZ" crossorigin="anonymous">
    <link rel="preconnect" href="https://fonts.googleapis.com">
    <link rel="preconnect" href="https://fonts.gstatic.com" crossorigin>
    <link href="https://fonts.googleapis.com/css2?family=Anonymous+Pro&amp;family=Cormorant+Garamond:wght@300;400&amp;family=Public+Sans:wght@200;300;500&amp;display=swap" rel="stylesheet">
    <link rel="stylesheet" href="/static/main.css">
    <script src="/static/main.js"></script>
    <script src="https://unpkg.com/htmx.org@1.8.5" integrity="sha384-7aHh9lqPYGYZ7sTHvzP1t3BAfLhYSTy9ArHdP3Xsr9/3TlGurYgcPBoFmXX2TX/w" crossorigin="anonymous"></script>
    <script src="https://unpkg.com/htmx.org/dist/ext/debug.js"></script>
    <script src="https://unpkg.com/htmx.org/dist/ext/disable-element.js"></script>
    <script src="https://unpkg.com/idiomorph/dist/idiomorph-ext.min.js"></script>
    <script src="https://unpkg.com/htmx.org/dist/ext/json-enc.js"></script>
    <script src="https://unpkg.com/htmx.org/dist/ext/remove-me.js"></script>
    <script src="https://unpkg.com/hyperscript.org@0.9.11"></script>
  </head>
  <body>
    <div id="layout" class="container">
      <nav class="navbar navbar-expand-lg bg-body-primary mb-3 mt-1">
        <div class="container-fluid">
          <li class="nav-item dropdown">
            <a class="nav-link dropdown-toggle" role="button" data-bs-toggle="dropdown" aria-expanded="false">
              <img class="img-fluid navbar-avatar" alt="Test User" src="https://example.com/img/user-123.jpg">
            </a>
            <ul class="dropdown-menu" hx-target="#content-root" hx-push-url="true">
              <li>
                <a class="dropdown-item" hx-get="/account" data-bs-toggle="collapse" data-bs-target=".navbar-collapse.show">Profile</a>
              </li>
              <li>
                <a class="dropdown-item" href="#" data-bs-toggle="collapse" data-bs-target=".navbar-collapse.show">Settings</a>
              </li>
              <li>
                <hr class="dropdown-divider">
              </li>
              <li>
                <a class="dropdown-item" href="/auth/logout/github">Log out</a>
              </li>
              <li>
                <hr class="dropdown-divider">
              </li>
              <li>
                <a class="dropdown-item" title="Terms of Service" data-bs-toggle="collapse" data-bs-target=".navbar-collapse.show" hx-get="/legal/terms">TOS</a>
              </li>
              <li>
                <a class="dropdown-item" title="Privacy Policy" data-bs-toggle="collapse" data-bs-target=".navbar-collapse.show" hx-get="/legal/privacy">Privacy</a>
              </li>
            </ul>
          </li>
          <button class="navbar-toggler" type="button" data-bs-toggle="collapse" data-bs-target="#top-nav" aria-controls="top-nav" aria-expanded="false" aria-label="Toggle navigation"><span class="navbar-toggler-icon"></span></button>
          <div id="top-nav" class="collapse navbar-collapse justify-content-left" hx-swap-oob="false">
            <ul class="navbar-nav me-auto mb-2 mt-2 mb-lg-0 text-end">
              <li class="nav-item">
                <a class="nav-link" title="Flows" hx-get="/flows" hx-target="#content-root" hx-push-url="true" data-bs-toggle="collapse" data-bs-target=".navbar-collapse.show">
                  <span class="d-lg-none">Flows</span>&nbsp; 
                  <i class="fa fa-circle-nodes fa-2x"></i>
                </a>
              </li>
              <li class="nav-item">
                <a class="nav-link" title="Interact" hx-get="/interactions/chat" hx-target="#content-root" hx-push-url="true" data-bs-toggle="collapse" data-bs-target=".navbar-collapse.show">
                  <span class="d-lg-none">Interact</span>&nbsp; 
                  <i class="fa fa-message fa-2x" aria-hidden="true"></i>
                </a>
              </li>
              <li nav-class="nav-item">
                <a class="nav-link" title="Interactions" hx-get="/interactions" hx-target="#content-root" hx-push-url="true" data-bs-toggle="collapse" data-bs-target=".navbar-collapse.show">
                  <span class="d-lg-none">Interactions</span>&nbsp; 
                  <i class="fa fa-list fa-2x"></i>
                </a>
              </li>
            </ul>
          </div>
        </div>
      </nav>
      <div id="notices" class="fade-out"></div>
      <div id="content-root" class="p-3">
        <div>
          <div class="container container-fluid flows-list-wrapper">
            <div class="row pb-3 pt-3">
              <div class="col">
                <h2>Flows</h2>
              </div>
              <div class="col text-end">
                <button class="btn btn-info" hx-push-url="true" hx-target="#content-root" hx-get="/flow-builder">Create</button>
              </div>
            </div>
            <hr class="text-info mb-5 mt-0">
            <table class="table table-striped table-hover" width="100%">
              <tr>
                <th scope="col">Name</th>
                <th scope="col" class="d-none d-lg-table-cell"># rules</th>
                <th scope="col">Last Changed</th>
                <th scope="col"></th>
              </tr>
              <tr id="flow-123" class="fade-out">
                <th scope="row" class="py-3 clickable" hx-get="/flows/123/edit" hx-push-url="true" hx-target="#content-root" hx-trigger="click">Test Flow A</th>
                <td class="py-3 d-none d-lg-table-cell">1 rules</td>
                <td class="py-3 last-changed">DATE PLACEHOLDER<td class="py-3" align="right" hx-disinherit="hx-get hx-push-url hx-trigger">
                  <a hx-delete="/flows/123" hx-target="#flow-123" hx-swap="outerHTML swap:1s" hx-confirm="Delete flow &#39;Test Flow A&#39;?" class="button button-secondary">
                    <i class="fa fa-trash"></i>
                  </a>
                </td>
              </tr>
              <tr id="flow-567" class="fade-out">
                <th scope="row" class="py-3 clickable" hx-get="/flows/567/edit" hx-push-url="true" hx-target="#content-root" hx-trigger="click">Test Flow B</th>
                <td class="py-3 d-none d-lg-table-cell">1 rules</td>
                <td class="py-3 last-changed">DATE PLACEHOLDER<td class="py-3" align="right" hx-disinherit="hx-get hx-push-url hx-trigger">
                  <a hx-delete="/flows/567" hx-target="#flow-567" hx-swap="outerHTML swap:1s" hx-confirm="Delete flow &#39;Test Flow B&#39;?" class="button button-secondary">
                    <i class="fa fa-trash"></i>
                  </a>
                </td>
              </tr>
              <tr id="flow-998" class="fade-out">
                <th scope="row" class="py-3 clickable" hx-get="/flows/998/edit" hx-push-url="true" hx-target="#content-root" hx-trigger="click">Test Flow C</th>
                <td class="py-3 d-none d-lg-table-cell">0 rules</td>
                <td class="py-3 last-changed">DATE PLACEHOLDER<td class="py-3" align="right" hx-disinherit="hx-get hx-push-url hx-trigger">
                  <a hx-delete="/flows/998" hx-target="#flow-998" hx-swap="outerHTML swap:1s" hx-confirm="Delete flow &#39;Test Flow C&#39;?" class="button button-secondary">
                    <i class="fa fa-trash"></i>
                  </a>
                </td>
              </tr>
              <tr id="flow-UUID-PLACEHOLDER" class="fade-out">
                <th scope="row" class="py-3 clickable" hx-get="/flows/UUID-PLACEHOLDER/edit" hx-push-url="true" hx-target="#content-root" hx-trigger="click">Hello Flow</th>
                <td class="py-3 d-none d-lg-table-cell">1 rules</td>
                <td class="py-3 last-changed">DATE PLACEHOLDER<td class="py-3" align="right" hx-disinherit="hx-get hx-push-url hx-trigger">
                  <a hx-delete="/flows/UUID-PLACEHOLDER" hx-target="#flow-UUID-PLACEHOLDER" hx-swap="outerHTML swap:1s" hx-confirm="Delete flow &#39;Hello Flow&#39;?" class="button button-secondary">
                    <i class="fa fa-trash"></i>
                  </a>
                </td>
              </tr>
            </table>
          </div>
        </div>
      </div>
    </div>
    <script src="https://kit.fontawesome.com/5a8d7a3cdf.js" crossorigin="anonymous"></script>
    <script src="https://cdn.jsdelivr.net/npm/bootstrap@5.3.0-alpha3/dist/js/bootstrap.bundle.min.js" integrity="sha384-ENjdO4Dr2bkBIFxQpeoTz1HIcje39Wm4jDKdf19U8gI4ddQ3GYNS7NTKfAdVQSZe" crossorigin="anonymous"></script>
  </body>
</html>
