<html lang="en" data-bs-theme="dark">
  <head>
    <title>PRMRY - AI Hub</title>
    <meta http-equiv="Content-Type" content="text/html; charset=utf-8">
    <meta name="viewport" content="width=device-width, initial-scale=1">
    <link rel="icon" type="image/x-png" href="/static/favicon.png">
    <link href="https://cdn.jsdelivr.net/npm/bootstrap@5.3.0-alpha3/dist/css/bootstrap.min.css" rel="stylesheet" integrity="sha384-KK94CHFLLe+nY2dmCWGMq91rCGa5gtU4mk92HdvYe+M/SXH301p5ILy+dN9+nJOZ" crossorigin="anonymous">
    <link rel="preconnect" href="https://fonts.googleapis.com">
    <link rel="preconnect" href="https://fonts.gstatic.com" crossorigin>
    <link href="https://fonts.googleapis.com/css2?family=Anonymous+Pro&amp;family=Cormorant+Garamond:wght@300;400&amp;family=Public+Sans:wght@200;300;500&amp;display=swap" rel="stylesheet">
    <link rel="stylesheet" href="/static/main.css">
    <script src="/static/main.js"></script>
    <script src="https://unpkg.com/htmx.org@1.8.5" integrity="sha384-7aHh9lqPYGYZ7sTHvzP1t3BAfLhYSTy9ArHdP3Xsr9/3TlGurYgcPBoFmXX2TX/w" crossorigin="anonymous"></script>
    <script src="https://unpkg.com/htmx.org/dist/ext/debug.js"></script>
    <script src="https://unpkg.com/htmx.org/dist/ext/disable-element.js"></script>
    <script src="https://unpkg.com/idiomorph/dist/idiomorph-ext.min.js"></script>
    <script src="https://unpkg.com/htmx.org/dist/ext/json-enc.js"></script>
    <script src="https://unpkg.com/htmx.org/dist/ext/remove-me.js"></script>
    <script src="https://unpkg.com/hyperscript.org@0.9.11"></script>
  </head>
  <body>
    <div id="layout" class="container">
      <nav class="navbar navbar-expand-lg bg-body-primary mb-3 mt-1">
        <div class="container-fluid">
          <li class="nav-item dropdown">
            <a class="nav-link dropdown-toggle" role="button" data-bs-toggle="dropdown" aria-expanded="false">
              <img class="img-fluid navbar-avatar" alt="Test User" src="https://example.com/img/user-123.jpg">
            </a>
            <ul class="dropdown-menu" hx-target="#content-root" hx-push-url="true">
              <li>
                <a class="dropdown-item" hx-get="/account" data-bs-toggle="collapse" data-bs-target=".navbar-collapse.show">Profile</a>
              </li>
              <li>
                <hr class="dropdown-divider">
              </li>
              <li>
                <a class="dropdown-item" href="/auth/logout/github">Log out</a>
              </li>
              <li>
                <hr class="dropdown-divider">
              </li>
              <li>
                <a class="dropdown-item" title="Terms of Service" data-bs-toggle="collapse" data-bs-target=".navbar-collapse.show" hx-get="/legal/terms">TOS</a>
              </li>
              <li>
                <a class="dropdown-item" title="Privacy Policy" data-bs-toggle="collapse" data-bs-target=".navbar-collapse.show" hx-get="/legal/privacy">Privacy</a>
              </li>
            </ul>
          </li>
          <button class="navbar-toggler" type="button" data-bs-toggle="collapse" data-bs-target="#top-nav" aria-controls="top-nav" aria-expanded="false" aria-label="Toggle navigation"><span class="navbar-toggler-icon"></span></button>
          <div id="top-nav" class="collapse navbar-collapse justify-content-left" hx-swap-oob="false">
            <ul class="navbar-nav me-auto mb-2 mt-2 mb-lg-0 text-end">
              <li class="nav-item text-lg-center ms-4">
                <a class="nav-link d-block text-lg-center" title="Flows" hx-get="/flows" hx-target="#content-root" hx-push-url="true" data-bs-toggle="collapse" data-bs-target=".navbar-collapse.show">
                  <span class="d-lg-none smaller pe-3">flows</span>
                  <i class="fa fa-water fa-2x pb-2"></i>
                  <div class="d-none d-lg-block smaller">flows</div>
                </a>
              </li>
              <li class="nav-item text-lg-center ms-4">
                <a class="nav-link d-block text-lg-center" title="Funnels" hx-get="/funnels" hx-target="#content-root" hx-push-url="true" data-bs-toggle="collapse" data-bs-target=".navbar-collapse.show">
                  <span class="d-lg-none smaller pe-3">funnels</span>
                  <i class="fa fa-filter fa-2x pb-2" aria-hidden="true"></i>
                  <div class="d-none d-lg-block smaller">funnels</div>
                </a>
              </li>
              <li class="nav-item text-lg-center ms-4">
                <a class="nav-link d-block text-lg-center" title="Generate" hx-get="/interactions/chat" hx-target="#content-root" hx-push-url="true" data-bs-toggle="collapse" data-bs-target=".navbar-collapse.show">
                  <span class="d-lg-none smaller pe-3">generate</span>
                  <i class="fa fa-bolt fa-2x pb-2" aria-hidden="true"></i>
                  <div class="d-none d-lg-block smaller">generate</div>
                </a>
              </li>
              <li class="nav-item text-lg-center ms-4">
                <a class="nav-link d-block text-lg-center" title="History" hx-get="/interactions" hx-target="#content-root" hx-push-url="true" data-bs-toggle="collapse" data-bs-target=".navbar-collapse.show">
                  <span class="d-lg-none smaller pe-3">history</span>
                  <i class="fa-solid fa-clock-rotate-left  fa-2x pb-2"></i>
                  <div class="d-none d-lg-block smaller">history</div>
                </a>
              </li>
            </ul>
          </div>
        </div>
      </nav>
      <div id="notices" class="fade-out"></div>
      <div id="content-root" class="p-3">
        <div>
          <form id="flow-builder" hx-post="/flows" hx-target="#content-root" hx-push-url="false" hx-ext="json-enc">
            <input type="hidden" name="id" value="123">
            <input type="hidden" name="selectedTab" value="">
            <div class="row">
              <div class="col-12 col-md">
                <div id="flow-builder-tabs" class="col ps-8 pe-8">
                  <ul class="nav nav-tabs pb-2">
                    <li class="nav-item border-bottom">
                      <button hx-put="/flow-builder?tab=prompt" hx-target="#content-root" hx-push-url="?tab=prompt" class="nav-link active" aria-current="page">Prompt</button>
                    </li>
                    <li class="nav-item border-bottom">
                      <button hx-put="/flow-builder?tab=trigger" hx-target="#content-root" hx-push-url="?tab=trigger" class="nav-link">Trigger</button>
                    </li>
                    <li class="nav-item border-bottom">
                      <button hx-put="/flow-builder?tab=preview" hx-target="#content-root" hx-push-url="?tab=preview" class="nav-link">Preview</button>
                    </li>
                  </ul>
                  <div id="tab-content" class="tab-content pt-2">
                    <div>
                      <div class="row">
                        <div class="col-sm-12 col-lg-7">
                          <div class="row">
                            <div class="col">
                              <div class="form-floating pb-4">
                                <input id="flow-name" name="name" type="text" class="form-control" placeholder="Welcome Flow" value="Test Flow A">
                                <label for="flow-name">Flow Name</label>
                              </div>
                            </div>
                          </div>
                          <div class="row">
                            <div class="col mb-3" hx-ext="morph">
                              <div class="larger pb-2">Prompt template</div>
                              <div class="smaller pb-2">
                                <i class="fa fa-down-long"></i>
                                Use <code>%s</code> to insert parameters into the prompt.
                              </div>
                              <div id="highlight-container" class="border rounded mb-1">
                                <div id="highlight"></div>
                                <pre id="promptEditor" contenteditable="true" class="form-control p-4" hx-put="/flow-builder/prompt" hx-target="#prompt-args" hx-trigger="input delay:1600ms from:#promptEditor">Tell me a story based on this text: %s</pre>
                              </div>
                              <input type="hidden" name="prompt" id="promptInput" value="Tell me a story based on this text: %s">
                              <br>
                            </div>
                          </div>
                          <div class="row">
                            <div class="col">
                              <div class="mb-3" id="prompt-args">
                                <div class="mb-2">
                                  <div class="larger pb-2">Prompt Arguments:</div>
                                </div>
                                <div class="row mb-3">
                                  <div class="form-floating col">
                                    <select id="promptArgs-0" name="promptArgs" class="form-select form-select-md" aria-label="Argument 0" hx-put="/flow-builder/prompt" hx-target="#prompt-args">
                                      <option value="">Choose...</option>
                                      <option value="input message" selected="true">The Input Message</option>
                                      <option value="input tag">An Input Parameter</option>
                                      <option value="interaction result from another flow">Output from another Flow</option>
                                      <option value="moderation result">A Moderation result (of the input message)</option>
                                    </select>
                                    <label for="promptArgs-0">Argument 0</label>
                                  </div>
                                </div>
                              </div>
                            </div>
                          </div>
                        </div>
                        <div class="col-sm-12 col-lg-5">
                          <div class="container">
                            <div class="row add-btn">
                              <div class="col text-end">
                                <button class="btn btn-info" hx-post="/flow-builder/inputs">Add</button>
                              </div>
                            </div>
                            <div class="row p-1 pb-4">
                              <div class="col">
                                <h4 class="larger">Input Parameters</h4>
                                <div class="smaller pb-2">Input parameters are used to pass data into the flow. They can be injected into the prompt template, and used in triggers.</div>
                              </div>
                            </div>
                            <div class="row pt-4">
                              <div class="col">
                                <div class="form-floating pb-4">
                                  <select id="flow-model" name="model" class="form-control">
                                    <option value="0">Select a model</option>
                                    <option value="gpt-3.5-turbo" selected="selected">GPT 3.5-turbo</option>
                                    <option value="gpt-4">GPT 4</option>
                                  </select>
                                  <label for="flow-model">Model</label>
                                </div>
                              </div>
                            </div>
                            <div class="row">
                              <div class="col">
                                <div class="form-floating pb-4">
                                  <input id="flow-temperature" name="temperature" type="text" class="form-control" placeholder="1.0" value="0.5">
                                  <label for="flow-temperature">Temperature</label>
                                </div>
                              </div>
                            </div>
                          </div>
                        </div>
                      </div>
                    </div>
                    <div class="d-none">
                      <div class="p-4 ps-2">
                        <div class="row">
                          <div class="col text-left">
                            <label for="require-all" class="pt-1 pe-2 larger">Execute this flow when</label>
                            <select name="requireAll" id="require-all" class="rounded p-1" placeholder="Choose...">
                              <option value="true">All rules match</option>
                              <option value="false" selected="selected">Any rule matches</option>
                            </select>
                            <button id="add-rule" hx-post="/flow-builder/rules" hx-target="#content-root" hx-push-url="false" class="btn btn-info btn-sm ms-3">Add Rule</button>
                          </div>
                        </div>
                      </div>
                      <div id="rules-container" class="container-lg ps-2">
                        <div class="row flow-rule fade-in">
                          <div class="col">
                            <div class="form-floating mb-3">
                              <select id="fieldName-0" name="fieldName" class="form-select form-select-md" aria-label="Source" hx-put="/flow-builder">
                                <option value="">Choose...</option>
                                <option value="input message" selected="true">The Input Message</option>
                                <option value="input tag">An Input Parameter</option>
                                <option value="interaction result from another flow">Output from another Flow</option>
                                <option value="moderation result">A Moderation result (of the input message)</option>
                              </select>
                              <label for="fieldName-0">Source</label>
                            </div>
                          </div>
                          <div class="col">
                            <div class="form-floating mb-3">
                              <select id="condition-0" name="condition" class="form-select form-select-md" aria-label="Condition" hx-put="/flow-builder">
                                <option value="">Choose...</option>
                                <option value="contains">contains</option>
                                <option value="does not contain">does not contain</option>
                                <option value="does not equal">does not equal</option>
                                <option value="ends with">ends with</option>
                                <option value="equals" selected="true">equals</option>
                                <option value="starts with">starts with</option>
                              </select>
                              <label for="condition-0">Condition</label>
                            </div>
                          </div>
                          <div class="col">
                            <div class="form-floating mb-3">
                              <input type="text" name="value" id="value-0" class="form-control form-control-md" placeholder="Value" value="test">
                              <label for="value-0">Value</label>
                            </div>
                          </div>
                          <div class="col-1 pt-3">
                            <a hx-delete="/flow-builder/rules/0" hx-target="#content-root" class="button-secondary">
                              <i class="fa fa-close"></i>
                            </a>
                          </div>
                        </div>
                      </div>
                    </div>
                    <div class="d-none">
                      <h2>Test Flow A</h2>
                      <div class="row">
                        <b>Triggered by:</b>
                        <ul>
                          <li>input message </li>
                          <li>equals</li>
                          <li>test</li>
                        </ul>
                      </div>
                    </div>
                  </div>
                </div>
              </div>
            </div>
            <hr class="text-info mb-4 mt-4">
            <div class="d-flex justify-content-center">
              <div class="pe-4">
                <button class="btn btn-secondary" hx-get="/flows" hx-target="#content-root" hx-push-url="true" hx-confirm="Abandon changes?">Cancel</button>
              </div>
              <div>
                <input class="btn btn-primary" type="submit" value="Save">
              </div>
            </div>
          </form>
          <div id="flow-builder-scripts" hx-script="true">
            <script>
              (() => {
              let editor = getPromptEditor();

              editor.innerHTML = parse(editor.innerText);
              editor.removeEventListener("input", handleEditorInput);
              editor.addEventListener("input", handleEditorInput);

              editor.removeEventListener("paste", plainTextPaste);
              editor.addEventListener("paste", plainTextPaste);
              })()
            </script>
          </div>
        </div>
      </div>
    </div>
    <script src="https://kit.fontawesome.com/5a8d7a3cdf.js" crossorigin="anonymous"></script>
    <script src="https://cdn.jsdelivr.net/npm/bootstrap@5.3.0-alpha3/dist/js/bootstrap.bundle.min.js" integrity="sha384-ENjdO4Dr2bkBIFxQpeoTz1HIcje39Wm4jDKdf19U8gI4ddQ3GYNS7NTKfAdVQSZe" crossorigin="anonymous"></script>
  </body>
</html>
